// Jest Snapshot v1, https://goo.gl/fbAQLP

exports[`renders App.js correctly 1`] = `
<div
  className="App"
>
  <div>
    <header>
      <a
        href="./"
      >
        <img
          alt="Pokemon"
          className="logo"
          src="https://i.ebayimg.com/images/g/8bMAAOSwxp9W-TVs/s-l400.jpg"
        />
      </a>
      <h1>
        Pokedex
      </h1>
      <div
        id="search"
      >
        <form
          onSubmit={[Function]}
        >
          <input
            id="search"
            onChange={[Function]}
            value=""
          />
          <button
            id="submit"
          >
            Search
          </button>
        </form>
      </div>
    </header>
  </div>
  <div>
    <main>
      <section
        className="list-section"
      >
        <ul
          className="pokes"
        />
      </section>
    </main>
  </div>
  <div
    className="paging"
  >
    <button
      disabled={true}
      id="paging-button"
      onClick={[Function]}
    >
       LAST 
    </button>
    <button
      disabled={false}
      id="paging-button"
      onClick={[Function]}
    >
       NEXT 
    </button>
    <h5>
      Page 
      1
      /
      41
    </h5>
  </div>
  <div>
    <span
      id="copyright"
    >
      Â© 2020 - Poke Nerds LLC
    </span>
  </div>
</div>
`;
